h#	sil	sil         0   0   0
aa	aa	aa          1   1   1
ae	ae	ae          2   2   2
ah	ah	ah          3   3   3
aw	aw	aw          4   4   4
ay	ay	ay          5   5   5
b	b	b           6   6   6
ch	ch	ch          7   7   7
d	d	d           8   8   8
dh	dh	dh          9   9   9
dx	dx	dx          10  10  10
eh	eh	eh          11  11  11
er	er	er          12  12  12
ey	ey	ey          13  13  13
f	f	f           14  14  14
g	g	g           15  15  15
hh	hh	hh          16  16  16
ih	ih	ih          17  17  17
iy	iy	iy          18  18  18
jh	jh	jh          19  19  19
k	k	k           20  20  20
l	l	l           21  21  21
m	m	m           22  22  22
n	n	n           23  23  23
ng	ng	ng          24  24  24
ow	ow	ow          25  25  25
oy	oy	oy          26  26  26
p	p	p           27  27  27
r	r	r           28  28  28
s	s	s           29  29  29
sh	sh	sh          30  30  30
t	t	t           31  31  31
th	th	th          32  32  32
uh	uh	uh          33  33  33
uw	uw	uw          34  34  34
v	v	v           35  35  35
w	w	w           36  36  36
y	y	y           37  37  37
z	z	z           38  38  38
q   q   q           39  39  39
ao	ao	aa          40  40  1
ax	ax	ah          41  41  3
el	el	l           42  42  21
en	en	n           43  43  23
epi	epi	sil         44  44  0
ix	ix	ih          45  45  17
zh	zh	sh          46  46  31
bcl	vcl	sil         47  47  0   
kcl	cl	sil         48  48  0
ax-h	ax	ah      49  41  3
axr	er	er          50  12  12
dcl	vcl	sil         51  47  0
em	m	m           52  22  22
eng	ng	ng          53  24  24
gcl	vcl	sil         54  47  0
hv	hh	hh          55  16  16
nx	n	n           56  23  23
pau	sil	sil         57  0   0
pcl	cl	sil         58  48  0
tcl	cl	sil         59  48  0
ux	uw	uw          60  35  35